
> workspace@0.0.0 build C:\Users\victu\ca\sattav
> pnpm --filter api-server build && pnpm --filter career-engine build


> @workspace/api-server@0.0.0 build C:\Users\victu\ca\sattav\api-server
> node ./build.mjs


  dist\index.mjs                   1.5mb
  dist\pino-worker.mjs           153.2kb
  dist\pino-file.mjs             141.9kb
  dist\pino-pretty.mjs           114.3kb
  dist\thread-stream-worker.mjs    7.3kb
  ...and 5 more output files...

Done in 565ms

> @workspace/career-engine@0.0.0 build C:\Users\victu\ca\sattav\career-engine
> vite build

[36mvite v7.3.1 [32mbuilding client environment for production...[36m[39m
transforming...
[32m✓[39m 3 modules transformed.
[31m✗[39m Build failed in 91ms
[31merror during build:
[31m[@tailwindcss/vite:generate:build] Can't resolve 'tw-animate-css' in 'C:\Users\victu\ca\sattav\career-engine\src'[31m
file: [36mC:/Users/victu/ca/sattav/career-engine/src/index.css[31m
    at finishWithoutResolve (C:\Users\victu\ca\sattav\node_modules\.pnpm\enhanced-resolve@5.20.1\node_modules\enhanced-resolve\lib\Resolver.js:587:18)
    at C:\Users\victu\ca\sattav\node_modules\.pnpm\enhanced-resolve@5.20.1\node_modules\enhanced-resolve\lib\Resolver.js:679:14
    at C:\Users\victu\ca\sattav\node_modules\.pnpm\enhanced-resolve@5.20.1\node_modules\enhanced-resolve\lib\Resolver.js:740:5
    at eval (eval at create (C:\Users\victu\ca\sattav\node_modules\.pnpm\tapable@2.3.2\node_modules\tapable\lib\HookCodeFactory.js:31:10), <anonymous>:15:1)
    at C:\Users\victu\ca\sattav\node_modules\.pnpm\enhanced-resolve@5.20.1\node_modules\enhanced-resolve\lib\Resolver.js:740:5
    at eval (eval at create (C:\Users\victu\ca\sattav\node_modules\.pnpm\tapable@2.3.2\node_modules\tapable\lib\HookCodeFactory.js:31:10), <anonymous>:27:1)
    at C:\Users\victu\ca\sattav\node_modules\.pnpm\enhanced-resolve@5.20.1\node_modules\enhanced-resolve\lib\DescriptionFilePlugin.js:89:43
    at C:\Users\victu\ca\sattav\node_modules\.pnpm\enhanced-resolve@5.20.1\node_modules\enhanced-resolve\lib\Resolver.js:740:5
    at eval (eval at create (C:\Users\victu\ca\sattav\node_modules\.pnpm\tapable@2.3.2\node_modules\tapable\lib\HookCodeFactory.js:31:10), <anonymous>:15:1)
    at C:\Users\victu\ca\sattav\node_modules\.pnpm\enhanced-resolve@5.20.1\node_modules\enhanced-resolve\lib\Resolver.js:740:5[39m
C:\Users\victu\ca\sattav\career-engine:
 ERR_PNPM_RECURSIVE_RUN_FIRST_FAIL  @workspace/career-engine@0.0.0 build: `vite build`
Exit status 1
 ELIFECYCLE  Command failed with exit code 1.
